running egg_info
creating ../../build/inspection_eoat/inspection_eoat.egg-info
writing ../../build/inspection_eoat/inspection_eoat.egg-info/PKG-INFO
writing dependency_links to ../../build/inspection_eoat/inspection_eoat.egg-info/dependency_links.txt
writing entry points to ../../build/inspection_eoat/inspection_eoat.egg-info/entry_points.txt
writing requirements to ../../build/inspection_eoat/inspection_eoat.egg-info/requires.txt
writing top-level names to ../../build/inspection_eoat/inspection_eoat.egg-info/top_level.txt
writing manifest file '../../build/inspection_eoat/inspection_eoat.egg-info/SOURCES.txt'
reading manifest file '../../build/inspection_eoat/inspection_eoat.egg-info/SOURCES.txt'
adding license file 'LICENSE'
writing manifest file '../../build/inspection_eoat/inspection_eoat.egg-info/SOURCES.txt'
running build
running build_py
creating /workspaces/shared_ws/build/inspection_eoat/build
creating /workspaces/shared_ws/build/inspection_eoat/build/lib
creating /workspaces/shared_ws/build/inspection_eoat/build/lib/inspection_eoat
copying inspection_eoat/stepper_light_controller_node.py -> /workspaces/shared_ws/build/inspection_eoat/build/lib/inspection_eoat
copying inspection_eoat/__init__.py -> /workspaces/shared_ws/build/inspection_eoat/build/lib/inspection_eoat
copying inspection_eoat/stepper_light_controller.py -> /workspaces/shared_ws/build/inspection_eoat/build/lib/inspection_eoat
running install
running install_lib
creating /workspaces/shared_ws/install/inspection_eoat/lib/python3.10/site-packages/inspection_eoat
copying /workspaces/shared_ws/build/inspection_eoat/build/lib/inspection_eoat/stepper_light_controller_node.py -> /workspaces/shared_ws/install/inspection_eoat/lib/python3.10/site-packages/inspection_eoat
copying /workspaces/shared_ws/build/inspection_eoat/build/lib/inspection_eoat/__init__.py -> /workspaces/shared_ws/install/inspection_eoat/lib/python3.10/site-packages/inspection_eoat
copying /workspaces/shared_ws/build/inspection_eoat/build/lib/inspection_eoat/stepper_light_controller.py -> /workspaces/shared_ws/install/inspection_eoat/lib/python3.10/site-packages/inspection_eoat
byte-compiling /workspaces/shared_ws/install/inspection_eoat/lib/python3.10/site-packages/inspection_eoat/stepper_light_controller_node.py to stepper_light_controller_node.cpython-310.pyc
byte-compiling /workspaces/shared_ws/install/inspection_eoat/lib/python3.10/site-packages/inspection_eoat/__init__.py to __init__.cpython-310.pyc
byte-compiling /workspaces/shared_ws/install/inspection_eoat/lib/python3.10/site-packages/inspection_eoat/stepper_light_controller.py to stepper_light_controller.cpython-310.pyc
running install_data
creating /workspaces/shared_ws/install/inspection_eoat/share/ament_index
creating /workspaces/shared_ws/install/inspection_eoat/share/ament_index/resource_index
creating /workspaces/shared_ws/install/inspection_eoat/share/ament_index/resource_index/packages
copying resource/inspection_eoat -> /workspaces/shared_ws/install/inspection_eoat/share/ament_index/resource_index/packages
copying package.xml -> /workspaces/shared_ws/install/inspection_eoat/share/inspection_eoat
creating /workspaces/shared_ws/install/inspection_eoat/share/inspection_eoat/launch
copying launch/bringup.launch.py -> /workspaces/shared_ws/install/inspection_eoat/share/inspection_eoat/launch
creating /workspaces/shared_ws/install/inspection_eoat/share/inspection_eoat/config
running install_egg_info
Copying ../../build/inspection_eoat/inspection_eoat.egg-info to /workspaces/shared_ws/install/inspection_eoat/lib/python3.10/site-packages/inspection_eoat-0.0.0-py3.10.egg-info
running install_scripts
writing list of installed files to '/workspaces/shared_ws/build/inspection_eoat/install.log'
