[0.297s] Invoking command in '/workspaces/shared_ws/src/inspection_eoat': PYTHONPATH=/workspaces/shared_ws/build/inspection_eoat/prefix_override:/usr/lib/python3/dist-packages/colcon_core/task/python/colcon_distutils_commands:/workspaces/shared_ws/install/inspection_eoat/lib/python3.10/site-packages:${PYTHONPATH} /usr/bin/python3 -W ignore:setup.py install is deprecated -W ignore:easy_install command is deprecated setup.py egg_info --egg-base ../../build/inspection_eoat build --build-base /workspaces/shared_ws/build/inspection_eoat/build install --record /workspaces/shared_ws/build/inspection_eoat/install.log --single-version-externally-managed install_data
[0.385s] running egg_info
[0.386s] creating ../../build/inspection_eoat/inspection_eoat.egg-info
[0.386s] writing ../../build/inspection_eoat/inspection_eoat.egg-info/PKG-INFO
[0.386s] writing dependency_links to ../../build/inspection_eoat/inspection_eoat.egg-info/dependency_links.txt
[0.386s] writing entry points to ../../build/inspection_eoat/inspection_eoat.egg-info/entry_points.txt
[0.386s] writing requirements to ../../build/inspection_eoat/inspection_eoat.egg-info/requires.txt
[0.386s] writing top-level names to ../../build/inspection_eoat/inspection_eoat.egg-info/top_level.txt
[0.386s] writing manifest file '../../build/inspection_eoat/inspection_eoat.egg-info/SOURCES.txt'
[0.386s] reading manifest file '../../build/inspection_eoat/inspection_eoat.egg-info/SOURCES.txt'
[0.386s] adding license file 'LICENSE'
[0.387s] writing manifest file '../../build/inspection_eoat/inspection_eoat.egg-info/SOURCES.txt'
[0.387s] running build
[0.387s] running build_py
[0.387s] creating /workspaces/shared_ws/build/inspection_eoat/build
[0.387s] creating /workspaces/shared_ws/build/inspection_eoat/build/lib
[0.387s] creating /workspaces/shared_ws/build/inspection_eoat/build/lib/inspection_eoat
[0.387s] copying inspection_eoat/stepper_light_controller_node.py -> /workspaces/shared_ws/build/inspection_eoat/build/lib/inspection_eoat
[0.387s] copying inspection_eoat/__init__.py -> /workspaces/shared_ws/build/inspection_eoat/build/lib/inspection_eoat
[0.387s] copying inspection_eoat/stepper_light_controller.py -> /workspaces/shared_ws/build/inspection_eoat/build/lib/inspection_eoat
[0.387s] running install
[0.387s] running install_lib
[0.387s] creating /workspaces/shared_ws/install/inspection_eoat/lib/python3.10/site-packages/inspection_eoat
[0.388s] copying /workspaces/shared_ws/build/inspection_eoat/build/lib/inspection_eoat/stepper_light_controller_node.py -> /workspaces/shared_ws/install/inspection_eoat/lib/python3.10/site-packages/inspection_eoat
[0.388s] copying /workspaces/shared_ws/build/inspection_eoat/build/lib/inspection_eoat/__init__.py -> /workspaces/shared_ws/install/inspection_eoat/lib/python3.10/site-packages/inspection_eoat
[0.388s] copying /workspaces/shared_ws/build/inspection_eoat/build/lib/inspection_eoat/stepper_light_controller.py -> /workspaces/shared_ws/install/inspection_eoat/lib/python3.10/site-packages/inspection_eoat
[0.388s] byte-compiling /workspaces/shared_ws/install/inspection_eoat/lib/python3.10/site-packages/inspection_eoat/stepper_light_controller_node.py to stepper_light_controller_node.cpython-310.pyc
[0.388s] byte-compiling /workspaces/shared_ws/install/inspection_eoat/lib/python3.10/site-packages/inspection_eoat/__init__.py to __init__.cpython-310.pyc
[0.388s] byte-compiling /workspaces/shared_ws/install/inspection_eoat/lib/python3.10/site-packages/inspection_eoat/stepper_light_controller.py to stepper_light_controller.cpython-310.pyc
[0.390s] running install_data
[0.390s] creating /workspaces/shared_ws/install/inspection_eoat/share/ament_index
[0.390s] creating /workspaces/shared_ws/install/inspection_eoat/share/ament_index/resource_index
[0.390s] creating /workspaces/shared_ws/install/inspection_eoat/share/ament_index/resource_index/packages
[0.390s] copying resource/inspection_eoat -> /workspaces/shared_ws/install/inspection_eoat/share/ament_index/resource_index/packages
[0.390s] copying package.xml -> /workspaces/shared_ws/install/inspection_eoat/share/inspection_eoat
[0.390s] creating /workspaces/shared_ws/install/inspection_eoat/share/inspection_eoat/launch
[0.390s] copying launch/bringup.launch.py -> /workspaces/shared_ws/install/inspection_eoat/share/inspection_eoat/launch
[0.390s] creating /workspaces/shared_ws/install/inspection_eoat/share/inspection_eoat/config
[0.390s] running install_egg_info
[0.390s] Copying ../../build/inspection_eoat/inspection_eoat.egg-info to /workspaces/shared_ws/install/inspection_eoat/lib/python3.10/site-packages/inspection_eoat-0.0.0-py3.10.egg-info
[0.391s] running install_scripts
[0.400s] writing list of installed files to '/workspaces/shared_ws/build/inspection_eoat/install.log'
[0.410s] Invoked command in '/workspaces/shared_ws/src/inspection_eoat' returned '0': PYTHONPATH=/workspaces/shared_ws/build/inspection_eoat/prefix_override:/usr/lib/python3/dist-packages/colcon_core/task/python/colcon_distutils_commands:/workspaces/shared_ws/install/inspection_eoat/lib/python3.10/site-packages:${PYTHONPATH} /usr/bin/python3 -W ignore:setup.py install is deprecated -W ignore:easy_install command is deprecated setup.py egg_info --egg-base ../../build/inspection_eoat build --build-base /workspaces/shared_ws/build/inspection_eoat/build install --record /workspaces/shared_ws/build/inspection_eoat/install.log --single-version-externally-managed install_data
