[0.000000] (-) TimerEvent: {}
[0.000203] (inspection_eoat) JobQueued: {'identifier': 'inspection_eoat', 'dependencies': OrderedDict()}
[0.000235] (inspection_eoat) JobStarted: {'identifier': 'inspection_eoat'}
[0.099686] (-) TimerEvent: {}
[0.200015] (-) TimerEvent: {}
[0.201870] (inspection_eoat) Command: {'cmd': ['/usr/bin/python3', '-W', 'ignore:setup.py install is deprecated', '-W', 'ignore:easy_install command is deprecated', 'setup.py', 'egg_info', '--egg-base', '../../build/inspection_eoat', 'build', '--build-base', '/workspaces/shared_ws/build/inspection_eoat/build', 'install', '--record', '/workspaces/shared_ws/build/inspection_eoat/install.log', '--single-version-externally-managed', 'install_data'], 'cwd': '/workspaces/shared_ws/src/inspection_eoat', 'env': {'HOSTNAME': 'pop-os', 'SHLVL': '0', 'HOME': '/home/macs', 'CYCLONEDDS_URI': '/config/cyclonedds.xml', 'ROS_DISTRO': 'humble', '_': '/usr/bin/colcon', 'NVIDIA_DRIVER_CAPABILITIES': 'all', 'TERM': 'xterm', 'QT_X11_NO_MITSHM': '1', 'PATH': '/usr/local/sbin:/usr/local/bin:/usr/sbin:/usr/bin:/sbin:/bin', 'XDG_RUNTIME_DIR': '/tmp/runtime-macs', 'DISPLAY': '', 'LANG': 'C.UTF-8', 'XAUTHORITY': '/tmp/.docker.xauth', 'ROS_DOMAIN_ID': '0', 'PWD': '/workspaces/shared_ws/build/inspection_eoat', 'LC_ALL': 'C.UTF-8', 'NVIDIA_VISIBLE_DEVICES': 'all', 'COLCON': '1', 'PYTHONPATH': '/workspaces/shared_ws/build/inspection_eoat/prefix_override:/usr/lib/python3/dist-packages/colcon_core/task/python/colcon_distutils_commands:/workspaces/shared_ws/install/inspection_eoat/lib/python3.10/site-packages:'}, 'shell': False}
[0.273255] (inspection_eoat) StdoutLine: {'line': b'running egg_info\n'}
[0.273481] (inspection_eoat) StdoutLine: {'line': b'writing ../../build/inspection_eoat/inspection_eoat.egg-info/PKG-INFO\n'}
[0.273572] (inspection_eoat) StdoutLine: {'line': b'writing dependency_links to ../../build/inspection_eoat/inspection_eoat.egg-info/dependency_links.txt\n'}
[0.273621] (inspection_eoat) StdoutLine: {'line': b'writing entry points to ../../build/inspection_eoat/inspection_eoat.egg-info/entry_points.txt\n'}
[0.273660] (inspection_eoat) StdoutLine: {'line': b'writing requirements to ../../build/inspection_eoat/inspection_eoat.egg-info/requires.txt\n'}
[0.273689] (inspection_eoat) StdoutLine: {'line': b'writing top-level names to ../../build/inspection_eoat/inspection_eoat.egg-info/top_level.txt\n'}
[0.274388] (inspection_eoat) StdoutLine: {'line': b"reading manifest file '../../build/inspection_eoat/inspection_eoat.egg-info/SOURCES.txt'\n"}
[0.274468] (inspection_eoat) StdoutLine: {'line': b"adding license file 'LICENSE'\n"}
[0.274731] (inspection_eoat) StdoutLine: {'line': b"writing manifest file '../../build/inspection_eoat/inspection_eoat.egg-info/SOURCES.txt'\n"}
[0.274794] (inspection_eoat) StdoutLine: {'line': b'running build\n'}
[0.274821] (inspection_eoat) StdoutLine: {'line': b'running build_py\n'}
[0.274875] (inspection_eoat) StdoutLine: {'line': b'running install\n'}
[0.275006] (inspection_eoat) StdoutLine: {'line': b'running install_lib\n'}
[0.275448] (inspection_eoat) StdoutLine: {'line': b'running install_data\n'}
[0.275508] (inspection_eoat) StdoutLine: {'line': b'running install_egg_info\n'}
[0.276244] (inspection_eoat) StdoutLine: {'line': b"removing '/workspaces/shared_ws/install/inspection_eoat/lib/python3.10/site-packages/inspection_eoat-0.0.0-py3.10.egg-info' (and everything under it)\n"}
[0.276374] (inspection_eoat) StdoutLine: {'line': b'Copying ../../build/inspection_eoat/inspection_eoat.egg-info to /workspaces/shared_ws/install/inspection_eoat/lib/python3.10/site-packages/inspection_eoat-0.0.0-py3.10.egg-info\n'}
[0.276624] (inspection_eoat) StdoutLine: {'line': b'running install_scripts\n'}
[0.285971] (inspection_eoat) StdoutLine: {'line': b'Installing stepper_light_controller_node script to /workspaces/shared_ws/install/inspection_eoat/lib/inspection_eoat\n'}
[0.286125] (inspection_eoat) StdoutLine: {'line': b"writing list of installed files to '/workspaces/shared_ws/build/inspection_eoat/install.log'\n"}
[0.296197] (inspection_eoat) CommandEnded: {'returncode': 0}
[0.300084] (-) TimerEvent: {}
[0.300797] (inspection_eoat) JobEnded: {'identifier': 'inspection_eoat', 'rc': 0}
[0.301046] (-) EventReactorShutdown: {}
