[0.000000] (-) TimerEvent: {}
[0.000264] (inspection_eoat) JobQueued: {'identifier': 'inspection_eoat', 'dependencies': OrderedDict()}
[0.000386] (inspection_eoat) JobStarted: {'identifier': 'inspection_eoat'}
[0.099913] (-) TimerEvent: {}
[0.200148] (-) TimerEvent: {}
[0.300380] (-) TimerEvent: {}
[0.309947] (inspection_eoat) Command: {'cmd': ['/usr/bin/python3', '-W', 'ignore:setup.py install is deprecated', '-W', 'ignore:easy_install command is deprecated', 'setup.py', 'egg_info', '--egg-base', '../../build/inspection_eoat', 'build', '--build-base', '/workspaces/shared_ws/build/inspection_eoat/build', 'install', '--record', '/workspaces/shared_ws/build/inspection_eoat/install.log', '--single-version-externally-managed', 'install_data'], 'cwd': '/workspaces/shared_ws/src/inspection_eoat', 'env': {'HOSTNAME': 'pop-os', 'SHLVL': '0', 'LD_LIBRARY_PATH': '/workspaces/base_ws/install/micro_ros_agent/lib:/workspaces/base_ws/install/micro_ros_msgs/lib:/opt/ros/humble/lib/x86_64-linux-gnu:/opt/ros/humble/lib', 'HOME': '/home/macs', 'CYCLONEDDS_URI': '/config/cyclonedds.xml', 'ROS_PYTHON_VERSION': '3', 'COLCON_PREFIX_PATH': '/workspaces/shared_ws/install:/workspaces/base_ws/install', 'ROS_DISTRO': 'humble', '_': '/usr/bin/colcon', 'ROS_VERSION': '2', 'NVIDIA_DRIVER_CAPABILITIES': 'utility,compute,graphics', 'TERM': 'xterm', 'ROS_LOCALHOST_ONLY': '0', 'QT_X11_NO_MITSHM': '1', 'PATH': '/opt/ros/humble/bin:/usr/local/sbin:/usr/local/bin:/usr/sbin:/usr/bin:/sbin:/bin', 'XDG_RUNTIME_DIR': '/tmp/runtime-macs', 'DISPLAY': ':1', 'LANG': 'C.UTF-8', 'RMW_IMPLEMENTATION': 'rmw_cyclonedds_cpp', 'XAUTHORITY': '/tmp/.docker.xauth', 'ROS_DOMAIN_ID': '0', 'AMENT_PREFIX_PATH': '/workspaces/shared_ws/install/inspection_eoat:/workspaces/base_ws/install/micro_ros_setup:/workspaces/base_ws/install/micro_ros_agent:/workspaces/base_ws/install/micro_ros_msgs:/opt/ros/humble', 'PWD': '/workspaces/shared_ws/build/inspection_eoat', 'LC_ALL': 'C.UTF-8', 'PYTHONPATH': '/workspaces/shared_ws/build/inspection_eoat/prefix_override:/usr/lib/python3/dist-packages/colcon_core/task/python/colcon_distutils_commands:/workspaces/shared_ws/install/inspection_eoat/lib/python3.10/site-packages:/workspaces/shared_ws/install/inspection_eoat/lib/python3.10/site-packages:/workspaces/base_ws/install/micro_ros_msgs/local/lib/python3.10/dist-packages:/opt/ros/humble/lib/python3.10/site-packages:/opt/ros/humble/local/lib/python3.10/dist-packages', 'NVIDIA_VISIBLE_DEVICES': 'all', 'COLCON': '1', 'CMAKE_PREFIX_PATH': '/workspaces/base_ws/install/micro_ros_setup:/workspaces/base_ws/install/micro_ros_agent:/workspaces/base_ws/install/micro_ros_msgs'}, 'shell': False}
[0.400172] (inspection_eoat) StdoutLine: {'line': b'running egg_info\n'}
[0.400322] (inspection_eoat) StdoutLine: {'line': b'writing ../../build/inspection_eoat/inspection_eoat.egg-info/PKG-INFO\n'}
[0.400405] (inspection_eoat) StdoutLine: {'line': b'writing dependency_links to ../../build/inspection_eoat/inspection_eoat.egg-info/dependency_links.txt\n'}
[0.400432] (-) TimerEvent: {}
[0.400509] (inspection_eoat) StdoutLine: {'line': b'writing entry points to ../../build/inspection_eoat/inspection_eoat.egg-info/entry_points.txt\n'}
[0.400540] (inspection_eoat) StdoutLine: {'line': b'writing requirements to ../../build/inspection_eoat/inspection_eoat.egg-info/requires.txt\n'}
[0.400563] (inspection_eoat) StdoutLine: {'line': b'writing top-level names to ../../build/inspection_eoat/inspection_eoat.egg-info/top_level.txt\n'}
[0.401054] (inspection_eoat) StdoutLine: {'line': b"reading manifest file '../../build/inspection_eoat/inspection_eoat.egg-info/SOURCES.txt'\n"}
[0.401291] (inspection_eoat) StdoutLine: {'line': b"adding license file 'LICENSE'\n"}
[0.401651] (inspection_eoat) StdoutLine: {'line': b"writing manifest file '../../build/inspection_eoat/inspection_eoat.egg-info/SOURCES.txt'\n"}
[0.401694] (inspection_eoat) StdoutLine: {'line': b'running build\n'}
[0.401717] (inspection_eoat) StdoutLine: {'line': b'running build_py\n'}
[0.401758] (inspection_eoat) StdoutLine: {'line': b'copying inspection_eoat/stepper_light_controller_node.py -> /workspaces/shared_ws/build/inspection_eoat/build/lib/inspection_eoat\n'}
[0.401879] (inspection_eoat) StdoutLine: {'line': b'running install\n'}
[0.402023] (inspection_eoat) StdoutLine: {'line': b'running install_lib\n'}
[0.402289] (inspection_eoat) StdoutLine: {'line': b'copying /workspaces/shared_ws/build/inspection_eoat/build/lib/inspection_eoat/stepper_light_controller_node.py -> /workspaces/shared_ws/install/inspection_eoat/lib/python3.10/site-packages/inspection_eoat\n'}
[0.402519] (inspection_eoat) StdoutLine: {'line': b'byte-compiling /workspaces/shared_ws/install/inspection_eoat/lib/python3.10/site-packages/inspection_eoat/stepper_light_controller_node.py to stepper_light_controller_node.cpython-310.pyc\n'}
[0.402825] (inspection_eoat) StdoutLine: {'line': b'running install_data\n'}
[0.402887] (inspection_eoat) StdoutLine: {'line': b'copying launch/bringup.launch.py -> /workspaces/shared_ws/install/inspection_eoat/share/inspection_eoat/launch\n'}
[0.402928] (inspection_eoat) StdoutLine: {'line': b'running install_egg_info\n'}
[0.403694] (inspection_eoat) StdoutLine: {'line': b"removing '/workspaces/shared_ws/install/inspection_eoat/lib/python3.10/site-packages/inspection_eoat-0.0.0-py3.10.egg-info' (and everything under it)\n"}
[0.403800] (inspection_eoat) StdoutLine: {'line': b'Copying ../../build/inspection_eoat/inspection_eoat.egg-info to /workspaces/shared_ws/install/inspection_eoat/lib/python3.10/site-packages/inspection_eoat-0.0.0-py3.10.egg-info\n'}
[0.404319] (inspection_eoat) StdoutLine: {'line': b'running install_scripts\n'}
[0.414279] (inspection_eoat) StdoutLine: {'line': b'Installing stepper_light_controller_node script to /workspaces/shared_ws/install/inspection_eoat/lib/inspection_eoat\n'}
[0.414481] (inspection_eoat) StdoutLine: {'line': b"writing list of installed files to '/workspaces/shared_ws/build/inspection_eoat/install.log'\n"}
[0.424145] (inspection_eoat) CommandEnded: {'returncode': 0}
[0.432346] (inspection_eoat) JobEnded: {'identifier': 'inspection_eoat', 'rc': 0}
[0.432611] (-) EventReactorShutdown: {}
