[0.047s] DEBUG:colcon:Command line arguments: ['/usr/bin/colcon', 'build']
[0.047s] DEBUG:colcon:Parsed command line arguments: Namespace(log_base=None, log_level=None, verb_name='build', build_base='build', install_base='install', merge_install=False, symlink_install=False, test_result_base=None, continue_on_error=False, executor='parallel', parallel_workers=24, event_handlers=None, ignore_user_meta=False, metas=['./colcon.meta'], base_paths=['.'], packages_ignore=None, packages_ignore_regex=None, paths=None, packages_up_to=None, packages_up_to_regex=None, packages_above=None, packages_above_and_dependencies=None, packages_above_depth=None, packages_select_by_dep=None, packages_skip_by_dep=None, packages_skip_up_to=None, packages_select_build_failed=False, packages_skip_build_finished=False, packages_select_test_failures=False, packages_skip_test_passed=False, packages_select=None, packages_skip=None, packages_select_regex=None, packages_skip_regex=None, packages_start=None, packages_end=None, allow_overriding=[], cmake_args=None, cmake_target=None, cmake_target_skip_unavailable=False, cmake_clean_cache=False, cmake_clean_first=False, cmake_force_configure=False, ament_cmake_args=None, catkin_cmake_args=None, catkin_skip_building_tests=False, mixin_files=None, mixin=None, verb_parser=<colcon_mixin.mixin.mixin_argument.MixinArgumentDecorator object at 0x72d74f096c20>, verb_extension=<colcon_core.verb.build.BuildVerb object at 0x72d74f21bb80>, main=<bound method BuildVerb.main of <colcon_core.verb.build.BuildVerb object at 0x72d74f21bb80>>, mixin_verb=('build',))
[0.097s] Level 1:colcon.colcon_core.package_discovery:discover_packages(colcon_meta) check parameters
[0.097s] Level 1:colcon.colcon_core.package_discovery:discover_packages(recursive) check parameters
[0.097s] Level 1:colcon.colcon_core.package_discovery:discover_packages(ignore) check parameters
[0.097s] Level 1:colcon.colcon_core.package_discovery:discover_packages(path) check parameters
[0.097s] Level 1:colcon.colcon_core.package_discovery:discover_packages(colcon_meta) discover
[0.097s] Level 1:colcon.colcon_core.package_discovery:discover_packages(recursive) discover
[0.097s] INFO:colcon.colcon_core.package_discovery:Crawling recursively for packages in '/workspaces/shared_ws'
[0.097s] Level 1:colcon.colcon_core.package_identification:_identify(.) by extensions ['ignore', 'ignore_ament_install']
[0.097s] Level 1:colcon.colcon_core.package_identification:_identify(.) by extension 'ignore'
[0.097s] Level 1:colcon.colcon_core.package_identification:_identify(.) by extension 'ignore_ament_install'
[0.097s] Level 1:colcon.colcon_core.package_identification:_identify(.) by extensions ['colcon_pkg']
[0.097s] Level 1:colcon.colcon_core.package_identification:_identify(.) by extension 'colcon_pkg'
[0.097s] Level 1:colcon.colcon_core.package_identification:_identify(.) by extensions ['colcon_meta']
[0.097s] Level 1:colcon.colcon_core.package_identification:_identify(.) by extension 'colcon_meta'
[0.097s] Level 1:colcon.colcon_core.package_identification:_identify(.) by extensions ['ros']
[0.097s] Level 1:colcon.colcon_core.package_identification:_identify(.) by extension 'ros'
[0.102s] Level 1:colcon.colcon_core.package_identification:_identify(.) by extensions ['cmake', 'python']
[0.102s] Level 1:colcon.colcon_core.package_identification:_identify(.) by extension 'cmake'
[0.102s] Level 1:colcon.colcon_core.package_identification:_identify(.) by extension 'python'
[0.102s] Level 1:colcon.colcon_core.package_identification:_identify(.) by extensions ['python_setup_py']
[0.102s] Level 1:colcon.colcon_core.package_identification:_identify(.) by extension 'python_setup_py'
[0.102s] Level 1:colcon.colcon_core.package_identification:_identify(build) by extensions ['ignore', 'ignore_ament_install']
[0.102s] Level 1:colcon.colcon_core.package_identification:_identify(build) by extension 'ignore'
[0.102s] Level 1:colcon.colcon_core.package_identification:_identify(build) ignored
[0.102s] Level 1:colcon.colcon_core.package_identification:_identify(install) by extensions ['ignore', 'ignore_ament_install']
[0.103s] Level 1:colcon.colcon_core.package_identification:_identify(install) by extension 'ignore'
[0.103s] Level 1:colcon.colcon_core.package_identification:_identify(install) ignored
[0.103s] Level 1:colcon.colcon_core.package_identification:_identify(log) by extensions ['ignore', 'ignore_ament_install']
[0.103s] Level 1:colcon.colcon_core.package_identification:_identify(log) by extension 'ignore'
[0.103s] Level 1:colcon.colcon_core.package_identification:_identify(log) ignored
[0.103s] Level 1:colcon.colcon_core.package_identification:_identify(src) by extensions ['ignore', 'ignore_ament_install']
[0.103s] Level 1:colcon.colcon_core.package_identification:_identify(src) by extension 'ignore'
[0.103s] Level 1:colcon.colcon_core.package_identification:_identify(src) by extension 'ignore_ament_install'
[0.103s] Level 1:colcon.colcon_core.package_identification:_identify(src) by extensions ['colcon_pkg']
[0.103s] Level 1:colcon.colcon_core.package_identification:_identify(src) by extension 'colcon_pkg'
[0.103s] Level 1:colcon.colcon_core.package_identification:_identify(src) by extensions ['colcon_meta']
[0.103s] Level 1:colcon.colcon_core.package_identification:_identify(src) by extension 'colcon_meta'
[0.103s] Level 1:colcon.colcon_core.package_identification:_identify(src) by extensions ['ros']
[0.103s] Level 1:colcon.colcon_core.package_identification:_identify(src) by extension 'ros'
[0.103s] Level 1:colcon.colcon_core.package_identification:_identify(src) by extensions ['cmake', 'python']
[0.103s] Level 1:colcon.colcon_core.package_identification:_identify(src) by extension 'cmake'
[0.103s] Level 1:colcon.colcon_core.package_identification:_identify(src) by extension 'python'
[0.103s] Level 1:colcon.colcon_core.package_identification:_identify(src) by extensions ['python_setup_py']
[0.103s] Level 1:colcon.colcon_core.package_identification:_identify(src) by extension 'python_setup_py'
[0.103s] Level 1:colcon.colcon_core.package_identification:_identify(src/inspection_eoat) by extensions ['ignore', 'ignore_ament_install']
[0.103s] Level 1:colcon.colcon_core.package_identification:_identify(src/inspection_eoat) by extension 'ignore'
[0.103s] Level 1:colcon.colcon_core.package_identification:_identify(src/inspection_eoat) by extension 'ignore_ament_install'
[0.103s] Level 1:colcon.colcon_core.package_identification:_identify(src/inspection_eoat) by extensions ['colcon_pkg']
[0.103s] Level 1:colcon.colcon_core.package_identification:_identify(src/inspection_eoat) by extension 'colcon_pkg'
[0.103s] Level 1:colcon.colcon_core.package_identification:_identify(src/inspection_eoat) by extensions ['colcon_meta']
[0.103s] Level 1:colcon.colcon_core.package_identification:_identify(src/inspection_eoat) by extension 'colcon_meta'
[0.103s] Level 1:colcon.colcon_core.package_identification:_identify(src/inspection_eoat) by extensions ['ros']
[0.103s] Level 1:colcon.colcon_core.package_identification:_identify(src/inspection_eoat) by extension 'ros'
[0.104s] DEBUG:colcon.colcon_core.package_identification:Package 'src/inspection_eoat' with type 'ros.ament_python' and name 'inspection_eoat'
[0.104s] Level 1:colcon.colcon_core.package_discovery:discover_packages(recursive) using defaults
[0.104s] Level 1:colcon.colcon_core.package_discovery:discover_packages(ignore) discover
[0.104s] Level 1:colcon.colcon_core.package_discovery:discover_packages(ignore) using defaults
[0.104s] Level 1:colcon.colcon_core.package_discovery:discover_packages(path) discover
[0.104s] Level 1:colcon.colcon_core.package_discovery:discover_packages(path) using defaults
[0.114s] Level 1:colcon.colcon_core.package_discovery:discover_packages(prefix_path) check parameters
[0.114s] Level 1:colcon.colcon_core.package_discovery:discover_packages(prefix_path) discover
[0.115s] DEBUG:colcon.colcon_installed_package_information.package_discovery:Found 1 installed packages in /workspaces/shared_ws/install
[0.115s] DEBUG:colcon.colcon_installed_package_information.package_discovery:Found 3 installed packages in /workspaces/base_ws/install
[0.116s] DEBUG:colcon.colcon_installed_package_information.package_discovery:Found 243 installed packages in /opt/ros/humble
[0.116s] Level 1:colcon.colcon_core.package_discovery:discover_packages(prefix_path) using defaults
[0.133s] Level 5:colcon.colcon_core.verb:set package 'inspection_eoat' build argument 'cmake_args' from command line to 'None'
[0.133s] Level 5:colcon.colcon_core.verb:set package 'inspection_eoat' build argument 'cmake_target' from command line to 'None'
[0.133s] Level 5:colcon.colcon_core.verb:set package 'inspection_eoat' build argument 'cmake_target_skip_unavailable' from command line to 'False'
[0.133s] Level 5:colcon.colcon_core.verb:set package 'inspection_eoat' build argument 'cmake_clean_cache' from command line to 'False'
[0.133s] Level 5:colcon.colcon_core.verb:set package 'inspection_eoat' build argument 'cmake_clean_first' from command line to 'False'
[0.133s] Level 5:colcon.colcon_core.verb:set package 'inspection_eoat' build argument 'cmake_force_configure' from command line to 'False'
[0.133s] Level 5:colcon.colcon_core.verb:set package 'inspection_eoat' build argument 'ament_cmake_args' from command line to 'None'
[0.133s] Level 5:colcon.colcon_core.verb:set package 'inspection_eoat' build argument 'catkin_cmake_args' from command line to 'None'
[0.133s] Level 5:colcon.colcon_core.verb:set package 'inspection_eoat' build argument 'catkin_skip_building_tests' from command line to 'False'
[0.133s] DEBUG:colcon.colcon_core.verb:Building package 'inspection_eoat' with the following arguments: {'ament_cmake_args': None, 'build_base': '/workspaces/shared_ws/build/inspection_eoat', 'catkin_cmake_args': None, 'catkin_skip_building_tests': False, 'cmake_args': None, 'cmake_clean_cache': False, 'cmake_clean_first': False, 'cmake_force_configure': False, 'cmake_target': None, 'cmake_target_skip_unavailable': False, 'install_base': '/workspaces/shared_ws/install/inspection_eoat', 'merge_install': False, 'path': '/workspaces/shared_ws/src/inspection_eoat', 'symlink_install': False, 'test_result_base': None}
[0.133s] INFO:colcon.colcon_core.executor:Executing jobs using 'parallel' executor
[0.134s] DEBUG:colcon.colcon_parallel_executor.executor.parallel:run_until_complete
[0.134s] INFO:colcon.colcon_ros.task.ament_python.build:Building ROS package in '/workspaces/shared_ws/src/inspection_eoat' with build type 'ament_python'
[0.134s] Level 1:colcon.colcon_core.shell:create_environment_hook('inspection_eoat', 'ament_prefix_path')
[0.135s] INFO:colcon.colcon_core.plugin_system:Skipping extension 'colcon_core.shell.bat': Not used on non-Windows systems
[0.135s] INFO:colcon.colcon_core.shell:Creating environment hook '/workspaces/shared_ws/install/inspection_eoat/share/inspection_eoat/hook/ament_prefix_path.ps1'
[0.135s] INFO:colcon.colcon_core.shell:Creating environment descriptor '/workspaces/shared_ws/install/inspection_eoat/share/inspection_eoat/hook/ament_prefix_path.dsv'
[0.136s] INFO:colcon.colcon_core.shell:Creating environment hook '/workspaces/shared_ws/install/inspection_eoat/share/inspection_eoat/hook/ament_prefix_path.sh'
[0.136s] INFO:colcon.colcon_core.shell:Skip shell extension 'powershell' for command environment: Not usable outside of PowerShell
[0.136s] DEBUG:colcon.colcon_core.shell:Skip shell extension 'dsv' for command environment
[0.234s] INFO:colcon.colcon_core.task.python.build:Building Python package in '/workspaces/shared_ws/src/inspection_eoat'
[0.234s] INFO:colcon.colcon_core.shell:Skip shell extension 'powershell' for command environment: Not usable outside of PowerShell
[0.234s] DEBUG:colcon.colcon_core.shell:Skip shell extension 'dsv' for command environment
[0.385s] DEBUG:colcon.colcon_core.event_handler.log_command:Invoking command in '/workspaces/shared_ws/src/inspection_eoat': PYTHONPATH=/workspaces/shared_ws/build/inspection_eoat/prefix_override:/usr/lib/python3/dist-packages/colcon_core/task/python/colcon_distutils_commands:/workspaces/shared_ws/install/inspection_eoat/lib/python3.10/site-packages:${PYTHONPATH} /usr/bin/python3 -W ignore:setup.py install is deprecated -W ignore:easy_install command is deprecated setup.py egg_info --egg-base ../../build/inspection_eoat build --build-base /workspaces/shared_ws/build/inspection_eoat/build install --record /workspaces/shared_ws/build/inspection_eoat/install.log --single-version-externally-managed install_data
[0.498s] DEBUG:colcon.colcon_core.event_handler.log_command:Invoked command in '/workspaces/shared_ws/src/inspection_eoat' returned '0': PYTHONPATH=/workspaces/shared_ws/build/inspection_eoat/prefix_override:/usr/lib/python3/dist-packages/colcon_core/task/python/colcon_distutils_commands:/workspaces/shared_ws/install/inspection_eoat/lib/python3.10/site-packages:${PYTHONPATH} /usr/bin/python3 -W ignore:setup.py install is deprecated -W ignore:easy_install command is deprecated setup.py egg_info --egg-base ../../build/inspection_eoat build --build-base /workspaces/shared_ws/build/inspection_eoat/build install --record /workspaces/shared_ws/build/inspection_eoat/install.log --single-version-externally-managed install_data
[0.499s] Level 1:colcon.colcon_core.environment:checking '/workspaces/shared_ws/install/inspection_eoat' for CMake module files
[0.499s] Level 1:colcon.colcon_core.environment:checking '/workspaces/shared_ws/install/inspection_eoat' for CMake config files
[0.500s] Level 1:colcon.colcon_core.environment:checking '/workspaces/shared_ws/install/inspection_eoat/lib'
[0.500s] Level 1:colcon.colcon_core.environment:checking '/workspaces/shared_ws/install/inspection_eoat/bin'
[0.500s] Level 1:colcon.colcon_core.environment:checking '/workspaces/shared_ws/install/inspection_eoat/lib/pkgconfig/inspection_eoat.pc'
[0.500s] Level 1:colcon.colcon_core.environment:checking '/workspaces/shared_ws/install/inspection_eoat/lib/python3.10/site-packages'
[0.500s] Level 1:colcon.colcon_core.shell:create_environment_hook('inspection_eoat', 'pythonpath')
[0.500s] INFO:colcon.colcon_core.shell:Creating environment hook '/workspaces/shared_ws/install/inspection_eoat/share/inspection_eoat/hook/pythonpath.ps1'
[0.500s] INFO:colcon.colcon_core.shell:Creating environment descriptor '/workspaces/shared_ws/install/inspection_eoat/share/inspection_eoat/hook/pythonpath.dsv'
[0.500s] INFO:colcon.colcon_core.shell:Creating environment hook '/workspaces/shared_ws/install/inspection_eoat/share/inspection_eoat/hook/pythonpath.sh'
[0.501s] Level 1:colcon.colcon_core.environment:checking '/workspaces/shared_ws/install/inspection_eoat/bin'
[0.501s] Level 1:colcon.colcon_core.environment:create_environment_scripts_only(inspection_eoat)
[0.501s] INFO:colcon.colcon_core.shell:Creating package script '/workspaces/shared_ws/install/inspection_eoat/share/inspection_eoat/package.ps1'
[0.501s] INFO:colcon.colcon_core.shell:Creating package descriptor '/workspaces/shared_ws/install/inspection_eoat/share/inspection_eoat/package.dsv'
[0.501s] INFO:colcon.colcon_core.shell:Creating package script '/workspaces/shared_ws/install/inspection_eoat/share/inspection_eoat/package.sh'
[0.502s] INFO:colcon.colcon_core.shell:Creating package script '/workspaces/shared_ws/install/inspection_eoat/share/inspection_eoat/package.bash'
[0.502s] INFO:colcon.colcon_core.shell:Creating package script '/workspaces/shared_ws/install/inspection_eoat/share/inspection_eoat/package.zsh'
[0.502s] Level 1:colcon.colcon_core.environment:create_file_with_runtime_dependencies(/workspaces/shared_ws/install/inspection_eoat/share/colcon-core/packages/inspection_eoat)
[0.502s] DEBUG:colcon.colcon_parallel_executor.executor.parallel:closing loop
[0.502s] DEBUG:colcon.colcon_parallel_executor.executor.parallel:loop closed
[0.502s] DEBUG:colcon.colcon_parallel_executor.executor.parallel:run_until_complete finished with '0'
[0.502s] DEBUG:colcon.colcon_core.event_reactor:joining thread
[0.505s] INFO:colcon.colcon_core.plugin_system:Skipping extension 'colcon_notification.desktop_notification.notify_send': Could not find 'notify-send'
[0.505s] INFO:colcon.colcon_core.plugin_system:Skipping extension 'colcon_notification.desktop_notification.terminal_notifier': Not used on non-Darwin systems
[0.505s] INFO:colcon.colcon_core.plugin_system:Skipping extension 'colcon_notification.desktop_notification.win32': Not used on non-Windows systems
[0.505s] INFO:colcon.colcon_notification.desktop_notification:Sending desktop notification using 'notify2'
[0.505s] DEBUG:colcon.colcon_notification.desktop_notification.notify2:Failed to initialize notify2: org.freedesktop.DBus.Error.NotSupported: Unable to autolaunch a dbus-daemon without a $DISPLAY for X11
[0.505s] DEBUG:colcon.colcon_core.event_reactor:joined thread
[0.505s] INFO:colcon.colcon_core.shell:Creating prefix script '/workspaces/shared_ws/install/local_setup.ps1'
[0.505s] INFO:colcon.colcon_core.shell:Creating prefix util module '/workspaces/shared_ws/install/_local_setup_util_ps1.py'
[0.506s] INFO:colcon.colcon_core.shell:Creating prefix chain script '/workspaces/shared_ws/install/setup.ps1'
[0.506s] INFO:colcon.colcon_core.shell:Creating prefix script '/workspaces/shared_ws/install/local_setup.sh'
[0.507s] INFO:colcon.colcon_core.shell:Creating prefix util module '/workspaces/shared_ws/install/_local_setup_util_sh.py'
[0.507s] INFO:colcon.colcon_core.shell:Creating prefix chain script '/workspaces/shared_ws/install/setup.sh'
[0.507s] INFO:colcon.colcon_core.shell:Creating prefix script '/workspaces/shared_ws/install/local_setup.bash'
[0.507s] INFO:colcon.colcon_core.shell:Creating prefix chain script '/workspaces/shared_ws/install/setup.bash'
[0.508s] INFO:colcon.colcon_core.shell:Creating prefix script '/workspaces/shared_ws/install/local_setup.zsh'
[0.508s] INFO:colcon.colcon_core.shell:Creating prefix chain script '/workspaces/shared_ws/install/setup.zsh'
