running egg_info
writing ../../build/inspection_eoat/inspection_eoat.egg-info/PKG-INFO
writing dependency_links to ../../build/inspection_eoat/inspection_eoat.egg-info/dependency_links.txt
writing entry points to ../../build/inspection_eoat/inspection_eoat.egg-info/entry_points.txt
writing requirements to ../../build/inspection_eoat/inspection_eoat.egg-info/requires.txt
writing top-level names to ../../build/inspection_eoat/inspection_eoat.egg-info/top_level.txt
reading manifest file '../../build/inspection_eoat/inspection_eoat.egg-info/SOURCES.txt'
adding license file 'LICENSE'
writing manifest file '../../build/inspection_eoat/inspection_eoat.egg-info/SOURCES.txt'
running build
running build_py
copying inspection_eoat/stepper_light_controller_node.py -> /workspaces/shared_ws/build/inspection_eoat/build/lib/inspection_eoat
running install
running install_lib
copying /workspaces/shared_ws/build/inspection_eoat/build/lib/inspection_eoat/stepper_light_controller_node.py -> /workspaces/shared_ws/install/inspection_eoat/lib/python3.10/site-packages/inspection_eoat
byte-compiling /workspaces/shared_ws/install/inspection_eoat/lib/python3.10/site-packages/inspection_eoat/stepper_light_controller_node.py to stepper_light_controller_node.cpython-310.pyc
running install_data
copying launch/bringup.launch.py -> /workspaces/shared_ws/install/inspection_eoat/share/inspection_eoat/launch
running install_egg_info
removing '/workspaces/shared_ws/install/inspection_eoat/lib/python3.10/site-packages/inspection_eoat-0.0.0-py3.10.egg-info' (and everything under it)
Copying ../../build/inspection_eoat/inspection_eoat.egg-info to /workspaces/shared_ws/install/inspection_eoat/lib/python3.10/site-packages/inspection_eoat-0.0.0-py3.10.egg-info
running install_scripts
Installing stepper_light_controller_node script to /workspaces/shared_ws/install/inspection_eoat/lib/inspection_eoat
writing list of installed files to '/workspaces/shared_ws/build/inspection_eoat/install.log'
