[0.000000] (-) TimerEvent: {}
[0.000106] (inspection_eoat) JobQueued: {'identifier': 'inspection_eoat', 'dependencies': OrderedDict()}
[0.000144] (inspection_eoat) JobStarted: {'identifier': 'inspection_eoat'}
[0.099680] (-) TimerEvent: {}
[0.199906] (-) TimerEvent: {}
[0.208548] (inspection_eoat) Command: {'cmd': ['/usr/bin/python3', '-W', 'ignore:setup.py install is deprecated', '-W', 'ignore:easy_install command is deprecated', 'setup.py', 'egg_info', '--egg-base', '../../build/inspection_eoat', 'build', '--build-base', '/workspaces/shared_ws/build/inspection_eoat/build', 'install', '--record', '/workspaces/shared_ws/build/inspection_eoat/install.log', '--single-version-externally-managed', 'install_data'], 'cwd': '/workspaces/shared_ws/src/inspection_eoat', 'env': {'HOSTNAME': 'pop-os', 'SHLVL': '0', 'HOME': '/home/macs', 'CYCLONEDDS_URI': '/config/cyclonedds.xml', 'ROS_DISTRO': 'humble', '_': '/usr/bin/colcon', 'NVIDIA_DRIVER_CAPABILITIES': 'all', 'TERM': 'xterm', 'QT_X11_NO_MITSHM': '1', 'PATH': '/usr/local/sbin:/usr/local/bin:/usr/sbin:/usr/bin:/sbin:/bin', 'XDG_RUNTIME_DIR': '/tmp/runtime-macs', 'DISPLAY': '', 'LANG': 'C.UTF-8', 'XAUTHORITY': '/tmp/.docker.xauth', 'ROS_DOMAIN_ID': '0', 'PWD': '/workspaces/shared_ws/build/inspection_eoat', 'LC_ALL': 'C.UTF-8', 'NVIDIA_VISIBLE_DEVICES': 'all', 'COLCON': '1', 'PYTHONPATH': '/workspaces/shared_ws/build/inspection_eoat/prefix_override:/usr/lib/python3/dist-packages/colcon_core/task/python/colcon_distutils_commands:/workspaces/shared_ws/install/inspection_eoat/lib/python3.10/site-packages:'}, 'shell': False}
[0.284035] (inspection_eoat) StdoutLine: {'line': b'running egg_info\n'}
[0.284243] (inspection_eoat) StdoutLine: {'line': b'writing ../../build/inspection_eoat/inspection_eoat.egg-info/PKG-INFO\n'}
[0.284352] (inspection_eoat) StdoutLine: {'line': b'writing dependency_links to ../../build/inspection_eoat/inspection_eoat.egg-info/dependency_links.txt\n'}
[0.284493] (inspection_eoat) StdoutLine: {'line': b'writing entry points to ../../build/inspection_eoat/inspection_eoat.egg-info/entry_points.txt\n'}
[0.284519] (inspection_eoat) StdoutLine: {'line': b'writing requirements to ../../build/inspection_eoat/inspection_eoat.egg-info/requires.txt\n'}
[0.284541] (inspection_eoat) StdoutLine: {'line': b'writing top-level names to ../../build/inspection_eoat/inspection_eoat.egg-info/top_level.txt\n'}
[0.285175] (inspection_eoat) StdoutLine: {'line': b"reading manifest file '../../build/inspection_eoat/inspection_eoat.egg-info/SOURCES.txt'\n"}
[0.285263] (inspection_eoat) StdoutLine: {'line': b"adding license file 'LICENSE'\n"}
[0.285534] (inspection_eoat) StdoutLine: {'line': b"writing manifest file '../../build/inspection_eoat/inspection_eoat.egg-info/SOURCES.txt'\n"}
[0.285558] (inspection_eoat) StdoutLine: {'line': b'running build\n'}
[0.285580] (inspection_eoat) StdoutLine: {'line': b'running build_py\n'}
[0.285709] (inspection_eoat) StdoutLine: {'line': b'running install\n'}
[0.285776] (inspection_eoat) StdoutLine: {'line': b'running install_lib\n'}
[0.286210] (inspection_eoat) StdoutLine: {'line': b'running install_data\n'}
[0.286274] (inspection_eoat) StdoutLine: {'line': b'running install_egg_info\n'}
[0.286995] (inspection_eoat) StdoutLine: {'line': b"removing '/workspaces/shared_ws/install/inspection_eoat/lib/python3.10/site-packages/inspection_eoat-0.0.0-py3.10.egg-info' (and everything under it)\n"}
[0.287160] (inspection_eoat) StdoutLine: {'line': b'Copying ../../build/inspection_eoat/inspection_eoat.egg-info to /workspaces/shared_ws/install/inspection_eoat/lib/python3.10/site-packages/inspection_eoat-0.0.0-py3.10.egg-info\n'}
[0.287361] (inspection_eoat) StdoutLine: {'line': b'running install_scripts\n'}
[0.296953] (inspection_eoat) StdoutLine: {'line': b"writing list of installed files to '/workspaces/shared_ws/build/inspection_eoat/install.log'\n"}
[0.299964] (-) TimerEvent: {}
[0.307673] (inspection_eoat) CommandEnded: {'returncode': 0}
[0.315191] (inspection_eoat) JobEnded: {'identifier': 'inspection_eoat', 'rc': 0}
[0.315570] (-) EventReactorShutdown: {}
